<?php return array (
  0 => 'Symfony\\Bundle\\FrameworkBundle\\EventListener\\SessionListener',
  1 => 'Symfony\\Component\\HttpFoundation\\Session\\Storage\\NativeSessionStorage',
  2 => 'Symfony\\Component\\HttpFoundation\\Session\\Storage\\PhpBridgeSessionStorage',
  3 => 'Symfony\\Component\\HttpFoundation\\Session\\Storage\\Handler\\NativeFileSessionHandler',
  4 => 'Symfony\\Component\\HttpFoundation\\Session\\Storage\\Proxy\\AbstractProxy',
  5 => 'Symfony\\Component\\HttpFoundation\\Session\\Storage\\Proxy\\SessionHandlerProxy',
  6 => 'Symfony\\Component\\HttpFoundation\\Session\\Session',
  7 => 'Symfony\\Bundle\\FrameworkBundle\\Templating\\GlobalVariables',
  8 => 'Symfony\\Bundle\\FrameworkBundle\\Templating\\TemplateReference',
  9 => 'Symfony\\Bundle\\FrameworkBundle\\Templating\\TemplateNameParser',
  10 => 'Symfony\\Bundle\\FrameworkBundle\\Templating\\Loader\\TemplateLocator',
  11 => 'Psr\\Cache\\CacheItemInterface',
  12 => 'Psr\\Cache\\CacheItemPoolInterface',
  13 => 'Symfony\\Component\\Cache\\Adapter\\AdapterInterface',
  14 => 'Symfony\\Component\\Cache\\Adapter\\AbstractAdapter',
  15 => 'Symfony\\Component\\Cache\\CacheItem',
  16 => 'Symfony\\Component\\Routing\\Generator\\UrlGenerator',
  17 => 'Symfony\\Component\\Routing\\RequestContext',
  18 => 'Symfony\\Component\\Routing\\Router',
  19 => 'Symfony\\Bundle\\FrameworkBundle\\Routing\\RedirectableUrlMatcher',
  20 => 'Symfony\\Bundle\\FrameworkBundle\\Routing\\Router',
  21 => 'Symfony\\Component\\Config\\FileLocator',
  22 => 'Symfony\\Component\\Debug\\ErrorHandler',
  23 => 'Symfony\\Component\\EventDispatcher\\Event',
  24 => 'Symfony\\Component\\EventDispatcher\\ContainerAwareEventDispatcher',
  25 => 'Symfony\\Component\\HttpKernel\\EventListener\\ResponseListener',
  26 => 'Symfony\\Component\\HttpKernel\\EventListener\\RouterListener',
  27 => 'Symfony\\Component\\HttpKernel\\Controller\\ControllerResolver',
  28 => 'Symfony\\Component\\HttpKernel\\Controller\\ArgumentResolver',
  29 => 'Symfony\\Component\\HttpKernel\\ControllerMetadata\\ArgumentMetadata',
  30 => 'Symfony\\Component\\HttpKernel\\ControllerMetadata\\ArgumentMetadataFactory',
  31 => 'Symfony\\Component\\HttpKernel\\Event\\KernelEvent',
  32 => 'Symfony\\Component\\HttpKernel\\Event\\FilterControllerEvent',
  33 => 'Symfony\\Component\\HttpKernel\\Event\\FilterResponseEvent',
  34 => 'Symfony\\Component\\HttpKernel\\Event\\GetResponseEvent',
  35 => 'Symfony\\Component\\HttpKernel\\Event\\GetResponseForControllerResultEvent',
  36 => 'Symfony\\Component\\HttpKernel\\Event\\GetResponseForExceptionEvent',
  37 => 'Symfony\\Component\\HttpKernel\\KernelEvents',
  38 => 'Symfony\\Component\\HttpKernel\\Config\\FileLocator',
  39 => 'Symfony\\Bundle\\FrameworkBundle\\Controller\\ControllerNameParser',
  40 => 'Symfony\\Bundle\\FrameworkBundle\\Controller\\ControllerResolver',
  41 => 'Monolog\\Formatter\\FormatterInterface',
  42 => 'Monolog\\Formatter\\LineFormatter',
  43 => 'Monolog\\Handler\\HandlerInterface',
  44 => 'Monolog\\Handler\\AbstractHandler',
  45 => 'Monolog\\Handler\\AbstractProcessingHandler',
  46 => 'Monolog\\Handler\\StreamHandler',
  47 => 'Monolog\\Handler\\FingersCrossedHandler',
  48 => 'Monolog\\Handler\\FilterHandler',
  49 => 'Monolog\\Handler\\TestHandler',
  50 => 'Monolog\\Logger',
  51 => 'Symfony\\Bridge\\Monolog\\Logger',
  52 => 'Symfony\\Bridge\\Monolog\\Handler\\DebugHandler',
  53 => 'Monolog\\Handler\\FingersCrossed\\ActivationStrategyInterface',
  54 => 'Monolog\\Handler\\FingersCrossed\\ErrorLevelActivationStrategy',
  55 => 'Twig_Environment',
  56 => 'Twig_Extension',
  57 => 'Twig_Extension_Core',
  58 => 'Twig_Extension_Escaper',
  59 => 'Twig_Extension_Optimizer',
  60 => 'Twig_LoaderInterface',
  61 => 'Twig_Markup',
  62 => 'Twig_Template',
  63 => 'Sensio\\Bundle\\FrameworkExtraBundle\\EventListener\\ControllerListener',
  64 => 'Sensio\\Bundle\\FrameworkExtraBundle\\EventListener\\ParamConverterListener',
  65 => 'Sensio\\Bundle\\FrameworkExtraBundle\\Request\\ParamConverter\\DateTimeParamConverter',
  66 => 'Sensio\\Bundle\\FrameworkExtraBundle\\Request\\ParamConverter\\DoctrineParamConverter',
  67 => 'Sensio\\Bundle\\FrameworkExtraBundle\\Request\\ParamConverter\\ParamConverterInterface',
  68 => 'Sensio\\Bundle\\FrameworkExtraBundle\\Request\\ParamConverter\\ParamConverterManager',
  69 => 'Sensio\\Bundle\\FrameworkExtraBundle\\EventListener\\TemplateListener',
  70 => 'Sensio\\Bundle\\FrameworkExtraBundle\\EventListener\\HttpCacheListener',
  71 => 'Sensio\\Bundle\\FrameworkExtraBundle\\EventListener\\SecurityListener',
  72 => 'Sensio\\Bundle\\FrameworkExtraBundle\\Configuration\\ConfigurationAnnotation',
  73 => 'Doctrine\\Common\\Annotations\\DocLexer',
  74 => 'Doctrine\\Common\\Annotations\\FileCacheReader',
  75 => 'Doctrine\\Common\\Annotations\\PhpParser',
  76 => 'Doctrine\\Common\\Annotations\\Reader',
  77 => 'Doctrine\\Common\\Lexer',
  78 => 'Doctrine\\Common\\Persistence\\ConnectionRegistry',
  79 => 'Doctrine\\Common\\Persistence\\Proxy',
  80 => 'Doctrine\\Common\\Util\\ClassUtils',
  81 => 'Doctrine\\Bundle\\DoctrineBundle\\Registry',
);